<view alphaBlend="255" backgroundColor="#123456" backgroundImageHueShift="0.0" backgroundImageSaturation="1.0" backgroundTile="false" category="All" clippingColor="auto" enabled="true" height="480" horizontalAlignment="left" id="theView" includedHref="" left="100" maxHeight="0" maxWidth="0" minHeight="480" minWidth="640" passThrough="false" resizeBackgroundImage="false" tabStop="true" timerInterval="1000" titleBar="true" top="100" transparencyColor="none" verticalAlignment="top" visible="true" width="640" zIndex="0"><subview alphaBlend="255" backgroundColor="#AABBCC" backgroundImageHueShift="0.0" backgroundImageSaturation="1.0" backgroundTile="false" clippingColor="auto" enabled="true" height="20" horizontalAlignment="left" includedHref="" left="0" passThrough="false" resizeBackgroundImage="false" tabStop="true" top="0" verticalAlignment="top" visible="true" width="20" zIndex="0"><subview alphaBlend="255" backgroundColor="#EEFFEE" backgroundImageHueShift="0.0" backgroundImageSaturation="1.0" backgroundTile="false" clippingColor="auto" enabled="true" height="10" horizontalAlignment="left" includedHref="" left="5" passThrough="false" resizeBackgroundImage="false" tabStop="true" top="5" verticalAlignment="top" visible="true" width="10" zIndex="0"></subview><subview alphaBlend="255" backgroundColor="#EEFFEE" backgroundImageHueShift="0.0" backgroundImageSaturation="1.0" backgroundTile="false" clippingColor="auto" enabled="true" height="6" horizontalAlignment="left" includedHref="" left="7" passThrough="false" resizeBackgroundImage="false" tabStop="true" top="7" verticalAlignment="top" visible="true" width="6" zIndex="0"></subview></subview><mover alphaBlend="255" clippingColor="auto" direction="topLeft" enabled="true" height="20" horizontalAlignment="left" includedHref="" left="0" passThrough="false" tabStop="true" top="0" verticalAlignment="top" visible="true" width="20" zIndex="0"></mover><subview alphaBlend="255" backgroundColor="#FF0000" backgroundImageHueShift="0.0" backgroundImageSaturation="1.0" backgroundTile="false" clippingColor="auto" enabled="true" height="20" horizontalAlignment="stretch" includedHref="" left="20" passThrough="false" resizeBackgroundImage="false" tabStop="true" top="0" verticalAlignment="top" visible="true" width="600" zIndex="0"></subview><mover alphaBlend="255" clippingColor="auto" direction="free" enabled="true" height="20" horizontalAlignment="stretch" includedHref="" left="20" passThrough="false" tabStop="true" top="0" verticalAlignment="top" visible="true" width="600" zIndex="0"></mover><subview alphaBlend="255" backgroundColor="#00FF00" backgroundImageHueShift="0.0" backgroundImageSaturation="1.0" backgroundTile="false" clippingColor="auto" enabled="true" height="20" horizontalAlignment="right" includedHref="" left="620" passThrough="false" resizeBackgroundImage="false" tabStop="true" top="0" verticalAlignment="top" visible="true" width="20" zIndex="0"></subview><mover alphaBlend="255" clippingColor="auto" direction="topRight" enabled="true" height="20" horizontalAlignment="right" includedHref="" left="620" passThrough="false" tabStop="true" top="0" verticalAlignment="top" visible="true" width="20" zIndex="0"></mover><subview alphaBlend="255" backgroundColor="#AABBCC" backgroundImageHueShift="0.0" backgroundImageSaturation="1.0" backgroundTile="false" clippingColor="auto" enabled="true" height="20" horizontalAlignment="left" includedHref="" left="0" passThrough="false" resizeBackgroundImage="false" tabStop="true" top="460" verticalAlignment="bottom" visible="true" width="20" zIndex="0"><mover alphaBlend="255" clippingColor="auto" direction="bottomLeft" enabled="true" height="20" horizontalAlignment="left" includedHref="" left="0" passThrough="false" tabStop="true" top="0" verticalAlignment="bottom" visible="true" width="20" zIndex="0"></mover></subview><subview alphaBlend="255" backgroundColor="#FF0000" backgroundImageHueShift="0.0" backgroundImageSaturation="1.0" backgroundTile="false" clippingColor="auto" enabled="true" height="20" horizontalAlignment="stretch" includedHref="" left="20" passThrough="false" resizeBackgroundImage="false" tabStop="true" top="460" verticalAlignment="bottom" visible="true" width="600" zIndex="0"></subview><mover alphaBlend="255" clippingColor="auto" direction="bottom" enabled="true" height="20" horizontalAlignment="stretch" includedHref="" left="20" passThrough="false" tabStop="true" top="460" verticalAlignment="bottom" visible="true" width="600" zIndex="0"></mover><subview alphaBlend="255" backgroundColor="#00FF00" backgroundImageHueShift="0.0" backgroundImageSaturation="1.0" backgroundTile="false" clippingColor="auto" enabled="true" height="20" horizontalAlignment="right" includedHref="" left="620" passThrough="false" resizeBackgroundImage="false" tabStop="true" top="460" verticalAlignment="bottom" visible="true" width="20" zIndex="0"></subview><mover alphaBlend="255" clippingColor="auto" direction="bottomRight" enabled="true" height="20" horizontalAlignment="right" includedHref="" left="620" passThrough="false" tabStop="true" top="460" verticalAlignment="bottom" visible="true" width="20" zIndex="0"></mover><subview alphaBlend="255" backgroundColor="#343434" backgroundImageHueShift="0.0" backgroundImageSaturation="1.0" backgroundTile="false" clippingColor="auto" enabled="true" height="440" horizontalAlignment="left" includedHref="" left="0" passThrough="false" resizeBackgroundImage="false" tabStop="true" top="20" verticalAlignment="stretch" visible="true" width="20" zIndex="0"></subview><mover alphaBlend="255" clippingColor="auto" direction="left" enabled="true" height="440" horizontalAlignment="left" includedHref="" left="0" passThrough="false" tabStop="true" top="20" verticalAlignment="stretch" visible="true" width="20" zIndex="0"></mover><subview alphaBlend="255" backgroundColor="#454545" backgroundImageHueShift="0.0" backgroundImageSaturation="1.0" backgroundTile="false" clippingColor="auto" enabled="true" height="440" horizontalAlignment="right" includedHref="" left="620" passThrough="false" resizeBackgroundImage="false" tabStop="true" top="20" verticalAlignment="stretch" visible="true" width="20" zIndex="0"><mover alphaBlend="255" clippingColor="auto" direction="right" enabled="true" height="440" horizontalAlignment="right" includedHref="" left="0" passThrough="false" tabStop="true" top="0" verticalAlignment="stretch" visible="true" width="20" zIndex="0"></mover></subview><subview alphaBlend="255" backgroundColor="#DDDDDD" backgroundImageHueShift="0.0" backgroundImageSaturation="1.0" backgroundTile="false" clippingColor="auto" enabled="true" height="200" horizontalAlignment="stretch" includedHref="" left="320" passThrough="false" resizeBackgroundImage="false" tabStop="true" top="240" verticalAlignment="stretch" visible="true" width="260" zIndex="0"><subview alphaBlend="255" backgroundColor="#AABBCC" backgroundImageHueShift="0.0" backgroundImageSaturation="1.0" backgroundTile="false" clippingColor="auto" enabled="true" height="10" horizontalAlignment="left" includedHref="" left="0" passThrough="false" resizeBackgroundImage="false" tabStop="true" top="0" verticalAlignment="top" visible="true" width="10" zIndex="0"></subview><subview alphaBlend="255" backgroundColor="#FF0000" backgroundImageHueShift="0.0" backgroundImageSaturation="1.0" backgroundTile="false" clippingColor="auto" enabled="true" height="10" horizontalAlignment="stretch" includedHref="" left="10" passThrough="false" resizeBackgroundImage="false" tabStop="true" top="0" verticalAlignment="top" visible="true" width="240" zIndex="0"></subview><subview alphaBlend="255" backgroundColor="#00FF00" backgroundImageHueShift="0.0" backgroundImageSaturation="1.0" backgroundTile="false" clippingColor="auto" enabled="true" height="10" horizontalAlignment="right" includedHref="" left="250" passThrough="false" resizeBackgroundImage="false" tabStop="true" top="0" verticalAlignment="top" visible="true" width="10" zIndex="0"></subview><subview alphaBlend="255" backgroundColor="#AABBCC" backgroundImageHueShift="0.0" backgroundImageSaturation="1.0" backgroundTile="false" clippingColor="auto" enabled="true" height="10" horizontalAlignment="left" includedHref="" left="0" passThrough="false" resizeBackgroundImage="false" tabStop="true" top="190" verticalAlignment="bottom" visible="true" width="10" zIndex="0"></subview><subview alphaBlend="255" backgroundColor="#FF0000" backgroundImageHueShift="0.0" backgroundImageSaturation="1.0" backgroundTile="false" clippingColor="auto" enabled="true" height="10" horizontalAlignment="stretch" includedHref="" left="10" passThrough="false" resizeBackgroundImage="false" tabStop="true" top="190" verticalAlignment="bottom" visible="true" width="240" zIndex="0"></subview><subview alphaBlend="255" backgroundColor="#00FF00" backgroundImageHueShift="0.0" backgroundImageSaturation="1.0" backgroundTile="false" clippingColor="auto" enabled="true" height="10" horizontalAlignment="right" includedHref="" left="250" passThrough="false" resizeBackgroundImage="false" tabStop="true" top="190" verticalAlignment="bottom" visible="true" width="10" zIndex="0"></subview><subview alphaBlend="255" backgroundColor="#343434" backgroundImageHueShift="0.0" backgroundImageSaturation="1.0" backgroundTile="false" clippingColor="auto" enabled="true" height="180" horizontalAlignment="left" includedHref="" left="0" passThrough="false" resizeBackgroundImage="false" tabStop="true" top="10" verticalAlignment="stretch" visible="true" width="10" zIndex="0"></subview><subview alphaBlend="255" backgroundColor="#454545" backgroundImageHueShift="0.0" backgroundImageSaturation="1.0" backgroundTile="false" clippingColor="auto" enabled="true" height="180" horizontalAlignment="right" includedHref="" left="250" passThrough="false" resizeBackgroundImage="false" tabStop="true" top="10" verticalAlignment="stretch" visible="true" width="10" zIndex="0"></subview></subview><include alphaBlend="255" clippingColor="auto" enabled="true" height="0" horizontalAlignment="left" href="subview0s.xml" includedHref="" left="0" passThrough="false" serializable="true" tabStop="true" top="0" verticalAlignment="top" visible="false" width="0" zIndex="0"></include></view>